(
 (
  MucRacem:0.091,
  SacCere5:0.172
 ):0.012,
 (
  (
   (
    (
     (
      StrRamo3:1.388,
      (
       StrCoel9:1.385,
       MucRace3:1.205
      ):2.425
     ):0.023,
     CddAlbic:0.197
    ):0.044,
    MucRace2:0.158
   ):0.156,
   (
    CytLyti6:0.185,
    TaxOcell:0.163
   ):2.046
  ):0.058,
  (
   AbdGlauc:0.164,
   BctFra12:1.397
  ):0.191
 ):0.012);